Archive member included because of file (symbol)

d:/programs/freescale/kds_3.0.0/toolchain/bin/../lib/gcc/arm-none-eabi/4.8.4/armv6-m\libgcc.a(_udivsi3.o)
                              ./drivers/uart/uart.o (__aeabi_uidiv)
d:/programs/freescale/kds_3.0.0/toolchain/bin/../lib/gcc/arm-none-eabi/4.8.4/armv6-m\libgcc.a(_divsi3.o)
                              ./drivers/ftm/ftm.o (__aeabi_idiv)
d:/programs/freescale/kds_3.0.0/toolchain/bin/../lib/gcc/arm-none-eabi/4.8.4/armv6-m\libgcc.a(_dvmd_tls.o)
                              d:/programs/freescale/kds_3.0.0/toolchain/bin/../lib/gcc/arm-none-eabi/4.8.4/armv6-m\libgcc.a(_udivsi3.o) (__aeabi_idiv0)
d:/programs/freescale/kds_3.0.0/toolchain/bin/../lib/gcc/arm-none-eabi/4.8.4/../../../../arm-none-eabi/lib/armv6-m\libg_s.a(lib_a-exit.o)
                              d:/programs/freescale/kds_3.0.0/toolchain/bin/../lib/gcc/arm-none-eabi/4.8.4/../../../../arm-none-eabi/lib/armv6-m/crt0.o (exit)
d:/programs/freescale/kds_3.0.0/toolchain/bin/../lib/gcc/arm-none-eabi/4.8.4/../../../../arm-none-eabi/lib/armv6-m\libg_s.a(lib_a-impure.o)
                              d:/programs/freescale/kds_3.0.0/toolchain/bin/../lib/gcc/arm-none-eabi/4.8.4/../../../../arm-none-eabi/lib/armv6-m\libg_s.a(lib_a-exit.o) (_global_impure_ptr)
d:/programs/freescale/kds_3.0.0/toolchain/bin/../lib/gcc/arm-none-eabi/4.8.4/../../../../arm-none-eabi/lib/armv6-m\libg_s.a(lib_a-init.o)
                              d:/programs/freescale/kds_3.0.0/toolchain/bin/../lib/gcc/arm-none-eabi/4.8.4/../../../../arm-none-eabi/lib/armv6-m/crt0.o (__libc_init_array)
d:/programs/freescale/kds_3.0.0/toolchain/bin/../lib/gcc/arm-none-eabi/4.8.4/../../../../arm-none-eabi/lib/armv6-m\libg_s.a(lib_a-printf.o)
                              ./cpu/sysinit.o (printf)
d:/programs/freescale/kds_3.0.0/toolchain/bin/../lib/gcc/arm-none-eabi/4.8.4/../../../../arm-none-eabi/lib/armv6-m\libg_s.a(lib_a-puts.o)
                              ./cpu/sysinit.o (puts)
d:/programs/freescale/kds_3.0.0/toolchain/bin/../lib/gcc/arm-none-eabi/4.8.4/../../../../arm-none-eabi/lib/armv6-m\libg_s.a(lib_a-vfprintf.o)
                              d:/programs/freescale/kds_3.0.0/toolchain/bin/../lib/gcc/arm-none-eabi/4.8.4/../../../../arm-none-eabi/lib/armv6-m\libg_s.a(lib_a-printf.o) (_vfprintf_r)
d:/programs/freescale/kds_3.0.0/toolchain/bin/../lib/gcc/arm-none-eabi/4.8.4/../../../../arm-none-eabi/lib/armv6-m\libg_s.a(lib_a-vfprintf_i.o)
                              d:/programs/freescale/kds_3.0.0/toolchain/bin/../lib/gcc/arm-none-eabi/4.8.4/../../../../arm-none-eabi/lib/armv6-m\libg_s.a(lib_a-vfprintf.o) (_printf_i)
d:/programs/freescale/kds_3.0.0/toolchain/bin/../lib/gcc/arm-none-eabi/4.8.4/../../../../arm-none-eabi/lib/armv6-m\libg_s.a(lib_a-wbuf.o)
                              d:/programs/freescale/kds_3.0.0/toolchain/bin/../lib/gcc/arm-none-eabi/4.8.4/../../../../arm-none-eabi/lib/armv6-m\libg_s.a(lib_a-puts.o) (__swbuf_r)
d:/programs/freescale/kds_3.0.0/toolchain/bin/../lib/gcc/arm-none-eabi/4.8.4/../../../../arm-none-eabi/lib/armv6-m\libg_s.a(lib_a-wsetup.o)
                              d:/programs/freescale/kds_3.0.0/toolchain/bin/../lib/gcc/arm-none-eabi/4.8.4/../../../../arm-none-eabi/lib/armv6-m\libg_s.a(lib_a-puts.o) (__swsetup_r)
d:/programs/freescale/kds_3.0.0/toolchain/bin/../lib/gcc/arm-none-eabi/4.8.4/../../../../arm-none-eabi/lib/armv6-m\libg_s.a(lib_a-fflush.o)
                              d:/programs/freescale/kds_3.0.0/toolchain/bin/../lib/gcc/arm-none-eabi/4.8.4/../../../../arm-none-eabi/lib/armv6-m\libg_s.a(lib_a-wbuf.o) (_fflush_r)
d:/programs/freescale/kds_3.0.0/toolchain/bin/../lib/gcc/arm-none-eabi/4.8.4/../../../../arm-none-eabi/lib/armv6-m\libg_s.a(lib_a-findfp.o)
                              d:/programs/freescale/kds_3.0.0/toolchain/bin/../lib/gcc/arm-none-eabi/4.8.4/../../../../arm-none-eabi/lib/armv6-m\libg_s.a(lib_a-printf.o) (__sinit)
d:/programs/freescale/kds_3.0.0/toolchain/bin/../lib/gcc/arm-none-eabi/4.8.4/../../../../arm-none-eabi/lib/armv6-m\libg_s.a(lib_a-fvwrite.o)
                              d:/programs/freescale/kds_3.0.0/toolchain/bin/../lib/gcc/arm-none-eabi/4.8.4/../../../../arm-none-eabi/lib/armv6-m\libg_s.a(lib_a-vfprintf.o) (__sfvwrite_r)
d:/programs/freescale/kds_3.0.0/toolchain/bin/../lib/gcc/arm-none-eabi/4.8.4/../../../../arm-none-eabi/lib/armv6-m\libg_s.a(lib_a-fwalk.o)
                              d:/programs/freescale/kds_3.0.0/toolchain/bin/../lib/gcc/arm-none-eabi/4.8.4/../../../../arm-none-eabi/lib/armv6-m\libg_s.a(lib_a-findfp.o) (_fwalk)
d:/programs/freescale/kds_3.0.0/toolchain/bin/../lib/gcc/arm-none-eabi/4.8.4/../../../../arm-none-eabi/lib/armv6-m\libg_s.a(lib_a-makebuf.o)
                              d:/programs/freescale/kds_3.0.0/toolchain/bin/../lib/gcc/arm-none-eabi/4.8.4/../../../../arm-none-eabi/lib/armv6-m\libg_s.a(lib_a-wsetup.o) (__smakebuf_r)
[...]
Memory Configuration

Name             Origin             Length             Attributes
m_interrupts     0x00000000         0x00000100         xr
m_flash_config   0x00000400         0x00000010         xr
m_text           0x00000410         0x0000fbf0         xr
m_data           0x1ffffc00         0x00000200         rw
*default*        0x00000000         0xffffffff

Linker script and memory map

LOAD d:/programs/freescale/kds_3.0.0/toolchain/bin/../lib/gcc/arm-none-eabi/4.8.4/armv6-m/crti.o
LOAD d:/programs/freescale/kds_3.0.0/toolchain/bin/../lib/gcc/arm-none-eabi/4.8.4/armv6-m/crtbegin.o
LOAD d:/programs/freescale/kds_3.0.0/toolchain/bin/../lib/gcc/arm-none-eabi/4.8.4/../../../../arm-none-eabi/lib/armv6-m/crt0.o
LOAD ./drivers/wdog/wdog.o
LOAD ./drivers/uart/uart.o
LOAD ./drivers/spi/spi.o
LOAD ./drivers/sim/sim.o
LOAD ./drivers/rtc/rtc.o
LOAD ./drivers/pit/pit.o
LOAD ./drivers/nvm/flash.o
LOAD ./drivers/kbi/kbi.o
LOAD ./drivers/iic/i2c.o
LOAD ./drivers/ics/ics.o
LOAD ./drivers/gpio/gpio.o
LOAD ./drivers/ftm/ftm.o
LOAD ./drivers/crc/crc.o
LOAD ./drivers/adc/adc.o
LOAD ./drivers/acmp/acmp.o
LOAD ./drivers/PMC/pmc.o
LOAD ./cpu/arm_cm0.o
LOAD ./cpu/sysinit.o
LOAD ./cpu/systick.o
LOAD ./cpu/vectors.o
LOAD ./common/assert.o
LOAD ./common/io.o
LOAD ./common/memtest.o
LOAD ./common/queue.o
LOAD ./common/stdlib.o
LOAD ./Sources/commProtocol.o
LOAD ./Sources/main.o
LOAD ./Project_Settings/Startup_Code/startup_MKE02Z2.o
LOAD ./Project_Settings/Startup_Code/system_MKE02Z2.o
LOAD d:/programs/freescale/kds_3.0.0/toolchain/bin/../lib/gcc/arm-none-eabi/4.8.4/../../../../arm-none-eabi/lib/armv6-m\libstdc++_s.a
LOAD d:/programs/freescale/kds_3.0.0/toolchain/bin/../lib/gcc/arm-none-eabi/4.8.4/../../../../arm-none-eabi/lib/armv6-m\libm.a
START GROUP
LOAD d:/programs/freescale/kds_3.0.0/toolchain/bin/../lib/gcc/arm-none-eabi/4.8.4/armv6-m\libgcc.a
LOAD d:/programs/freescale/kds_3.0.0/toolchain/bin/../lib/gcc/arm-none-eabi/4.8.4/../../../../arm-none-eabi/lib/armv6-m\libg_s.a
LOAD d:/programs/freescale/kds_3.0.0/toolchain/bin/../lib/gcc/arm-none-eabi/4.8.4/../../../../arm-none-eabi/lib/armv6-m\libc_s.a
END GROUP
START GROUP
LOAD d:/programs/freescale/kds_3.0.0/toolchain/bin/../lib/gcc/arm-none-eabi/4.8.4/armv6-m\libgcc.a
LOAD d:/programs/freescale/kds_3.0.0/toolchain/bin/../lib/gcc/arm-none-eabi/4.8.4/../../../../arm-none-eabi/lib/armv6-m\libc_s.a
LOAD d:/programs/freescale/kds_3.0.0/toolchain/bin/../lib/gcc/arm-none-eabi/4.8.4/../../../../arm-none-eabi/lib/armv6-m\libnosys.a
END GROUP
START GROUP
LOAD d:/programs/freescale/kds_3.0.0/toolchain/bin/../lib/gcc/arm-none-eabi/4.8.4/armv6-m\libgcc.a
LOAD d:/programs/freescale/kds_3.0.0/toolchain/bin/../lib/gcc/arm-none-eabi/4.8.4/../../../../arm-none-eabi/lib/armv6-m\libc_s.a
LOAD d:/programs/freescale/kds_3.0.0/toolchain/bin/../lib/gcc/arm-none-eabi/4.8.4/../../../../arm-none-eabi/lib/armv6-m\libnosys.a
END GROUP
LOAD d:/programs/freescale/kds_3.0.0/toolchain/bin/../lib/gcc/arm-none-eabi/4.8.4/armv6-m/crtend.o
LOAD d:/programs/freescale/kds_3.0.0/toolchain/bin/../lib/gcc/arm-none-eabi/4.8.4/armv6-m/crtn.o
                0x00000000                HEAP_SIZE = DEFINED (__heap_size__)?__heap_size__:0x0
                0x00000110                STACK_SIZE = DEFINED (__stack_size__)?__stack_size__:0x110

.interrupts     0x00000000       0xc0
                0x00000000                __VECTOR_TABLE = .
                0x00000000                . = ALIGN (0x4)
 *(.isr_vector)
 .isr_vector    0x00000000       0xc0 ./Project_Settings/Startup_Code/startup_MKE02Z2.o
                0x00000000                __isr_vector
                0x000000c0                . = ALIGN (0x4)

.flash_config   0x00000400       0x10
                0x00000400                . = ALIGN (0x4)
 *(.FlashConfig)
 .FlashConfig   0x00000400       0x10 ./Project_Settings/Startup_Code/startup_MKE02Z2.o
                0x00000410                . = ALIGN (0x4)

.text           0x00000410     0x2d1c
                0x00000410                . = ALIGN (0x4)
 *(.text)
 .text          0x00000410       0x60 d:/programs/freescale/kds_3.0.0/toolchain/bin/../lib/gcc/arm-none-eabi/4.8.4/armv6-m/crtbegin.o
 .text          0x00000470       0x78 d:/programs/freescale/kds_3.0.0/toolchain/bin/../lib/gcc/arm-none-eabi/4.8.4/../../../../arm-none-eabi/lib/armv6-m/crt0.o
                0x00000470                _start
                0x00000470                _mainCRTStartup
 .text          0x000004e8       0x44 ./Project_Settings/Startup_Code/startup_MKE02Z2.o
                0x000004e8                Reset_Handler
                0x00000528                Reserved16_IRQHandler
                0x00000528                I2C0_IRQHandler
                0x00000528                HardFault_Handler
                0x00000528                SysTick_Handler
                0x00000528                PendSV_Handler
                0x00000528                NMI_Handler
                0x00000528                Reserved19_IRQHandler
                0x00000528                Watchdog_IRQHandler
                0x00000528                UART0_IRQHandler
                0x00000528                Reserved42_IRQHandler
                0x00000528                ADC0_IRQHandler
                0x00000528                SPI1_IRQHandler
                0x00000528                DefaultISR
                0x00000528                Reserved25_IRQHandler
                0x00000528                IRQ_IRQHandler
                0x00000528                Reserved18_IRQHandler
                0x00000528                FTM1_IRQHandler
                0x00000528                UART2_IRQHandler
                0x00000528                PIT_CH0_IRQHandler
                0x00000528                Reserved20_IRQHandler
                0x00000528                Default_Handler
                0x00000528                Reserved17_IRQHandler
                0x00000528                Reserved47_IRQHandler
                0x00000528                ACMP0_IRQHandler
                0x00000528                SVC_Handler
                0x00000528                ICS_IRQHandler
                0x00000528                PIT_CH1_IRQHandler
                0x00000528                FTMRH_IRQHandler
                0x00000528                Reserved46_IRQHandler
                0x00000528                KBI0_IRQHandler
                0x00000528                Reserved45_IRQHandler
                0x00000528                LVD_LVW_IRQHandler
                0x00000528                SPI0_IRQHandler
                0x00000528                FTM0_IRQHandler
                0x00000528                FTM2_IRQHandler
                0x00000528                ACMP1_IRQHandler
                0x00000528                KBI1_IRQHandler
 .text          0x0000052c       0x9c d:/programs/freescale/kds_3.0.0/toolchain/bin/../lib/gcc/arm-none-eabi/4.8.4/armv6-m\libgcc.a(_udivsi3.o)
                0x0000052c                __aeabi_uidiv
                0x0000052c                __udivsi3
                0x000005b4                __aeabi_uidivmod
 .text          0x000005c8        0x4 d:/programs/freescale/kds_3.0.0/toolchain/bin/../lib/gcc/arm-none-eabi/4.8.4/armv6-m\libgcc.a(_dvmd_tls.o)
                0x000005c8                __aeabi_idiv0
                0x000005c8                __aeabi_ldiv0
 *(.text*)
 .text.WDOG_Init
                0x000005cc      0x1ac ./drivers/wdog/wdog.o
                0x000005cc                WDOG_Init
 .text.WDOG_DeInit
                0x00000778       0x3c ./drivers/wdog/wdog.o
                0x00000778                WDOG_DeInit
 .text.WDOG_Feed
                0x000007b4       0x24 ./drivers/wdog/wdog.o
                0x000007b4                WDOG_Feed
 .text.WDOG_DisableUpdate
                0x000007d8       0x70 ./drivers/wdog/wdog.o
                0x000007d8                WDOG_DisableUpdate
 .text.UART_Init
                0x00000848      0x110 ./drivers/uart/uart.o
                0x00000848                UART_Init
 .text.UART_GetChar
                0x00000958       0x5c ./drivers/uart/uart.o
                0x00000958                UART_GetChar
 .text.UART_PutChar
                0x000009b4       0x2c ./drivers/uart/uart.o
                0x000009b4                UART_PutChar
 .text.UART_EnableInterrupt
                0x000009e0      0x118 ./drivers/uart/uart.o
                0x000009e0                UART_EnableInterrupt
 .text.NVIC_EnableIRQ
                0x00000af8       0x2c ./drivers/rtc/rtc.o
 .text.NVIC_DisableIRQ
                0x00000b24       0x30 ./drivers/rtc/rtc.o
 .text.RTC_EnableInt
                0x00000b54       0x18 ./drivers/rtc/rtc.o
 .text.RTC_SetModulo
                0x00000b6c       0x20 ./drivers/rtc/rtc.o
 .text.RTC_SetClock
                0x00000b8c       0x54 ./drivers/rtc/rtc.o
 .text.RTC_GetFlags
                0x00000be0       0x24 ./drivers/rtc/rtc.o
 .text.RTC_ClrFlags
                0x00000c04       0x18 ./drivers/rtc/rtc.o
 .text.RTC_Init
                0x00000c1c       0xcc ./drivers/rtc/rtc.o
                0x00000c1c                RTC_Init
 .text.RTC_DeInit
                0x00000ce8       0x50 ./drivers/rtc/rtc.o
                0x00000ce8                RTC_DeInit
 .text.GPIO_Init
                0x00000d38      0x1ac ./drivers/gpio/gpio.o
                0x00000d38                GPIO_Init
 .text.GPIO_PinToggle
                0x00000ee4       0x74 ./drivers/gpio/gpio.o
                0x00000ee4                GPIO_PinToggle
 .text.GPIO_PinSet
                0x00000f58       0x74 ./drivers/gpio/gpio.o
                0x00000f58                GPIO_PinSet
 .text.CRC_Init
                0x00000fcc       0xac ./drivers/crc/crc.o
                0x00000fcc                CRC_Init
 .text.CRC_Cal16
                0x00001078       0xa8 ./drivers/crc/crc.o
                0x00001078                CRC_Cal16
 .text.assert_failed
                0x00001120       0x48 ./common/assert.o
                0x00001120                assert_failed
 .text.strlen   0x00001168       0x38 ./common/stdlib.o
                0x00001168                strlen
 .text.strcat   0x000011a0       0x54 ./common/stdlib.o
                0x000011a0                strcat
 .text.strcmp   0x000011f4       0x50 ./common/stdlib.o
                0x000011f4                strcmp
 .text.memcpy   0x00001244       0x84 ./common/stdlib.o
                0x00001244                memcpy
 .text.memset   0x000012c8       0x40 ./common/stdlib.o
                0x000012c8                memset
 .text.protocolRXHandler
                0x00001308       0xa4 ./Sources/commProtocol.o
                0x00001308                protocolRXHandler
 .text.protocolDecode
                0x000013ac       0xd4 ./Sources/commProtocol.o
                0x000013ac                protocolDecode
 .text.protocolSend
                0x00001480      0x12c ./Sources/commProtocol.o
                0x00001480                protocolSend
 .text.NVIC_EnableIRQ
                0x000015ac       0x2c ./Sources/main.o
 .text.RTC_ClrFlags
                0x000015d8       0x18 ./Sources/main.o
 .text.main     0x000015f0       0x18 ./Sources/main.o
                0x000015f0                main
 .text.UART1_IRQHandler
                0x00001608       0x14 ./Sources/main.o
                0x00001608                UART1_IRQHandler
 .text.crc      0x0000161c       0x2c ./Sources/main.o
                0x0000161c                crc
 .text.fill_sram
                0x00001648       0x34 ./Sources/main.o
                0x00001648                fill_sram
 .text.decode   0x0000167c      0x340 ./Sources/main.o
                0x0000167c                decode
 .text.checkMemoryPattern
                0x000019bc       0xc0 ./Sources/main.o
                0x000019bc                checkMemoryPattern
 .text.delay    0x00001a7c       0x24 ./Sources/main.o
                0x00001a7c                delay
 .text.toggleLed
                0x00001aa0       0x1c ./Sources/main.o
                0x00001aa0                toggleLed
 .text.printCRC
                0x00001abc       0xc4 ./Sources/main.o
                0x00001abc                printCRC
 .text.printMemoryPosition
                0x00001b80      0x1a4 ./Sources/main.o
                0x00001b80                printMemoryPosition
 .text.RTC_IRQHandler
                0x00001d24       0x1c ./Sources/main.o
                0x00001d24                RTC_IRQHandler
 .text._watchdogInit
                0x00001d40       0x98 ./Sources/main.o
                0x00001d40                _watchdogInit
 .text._watchdogDeInit
                0x00001dd8       0x10 ./Sources/main.o
                0x00001dd8                _watchdogDeInit
 .text._rtcInit
                0x00001de8       0x70 ./Sources/main.o
                0x00001de8                _rtcInit
 .text._rtcDeInit
                0x00001e58        0xc ./Sources/main.o
                0x00001e58                _rtcDeInit
 .text._uartInit
                0x00001e64       0x54 ./Sources/main.o
                0x00001e64                _uartInit
 .text._crcInit
                0x00001eb8       0x5c ./Sources/main.o
                0x00001eb8                _crcInit
 .text._gpioInit
                0x00001f14       0x40 ./Sources/main.o
                0x00001f14                _gpioInit
 .text.SystemInit
                0x00001f54       0x8c ./Project_Settings/Startup_Code/system_MKE02Z2.o
                0x00001f54                SystemInit
 .text.exit     0x00001fe0       0x2c d:/programs/freescale/kds_3.0.0/toolchain/bin/../lib/gcc/arm-none-eabi/4.8.4/../../../../arm-none-eabi/lib/armv6-m\libg_s.a(lib_a-exit.o)
                0x00001fe0                exit
 .text.__libc_init_array
                0x0000200c       0x4c d:/programs/freescale/kds_3.0.0/toolchain/bin/../lib/gcc/arm-none-eabi/4.8.4/../../../../arm-none-eabi/lib/armv6-m\libg_s.a(lib_a-init.o)
                0x0000200c                __libc_init_array
 .text.printf   0x00002058       0x34 d:/programs/freescale/kds_3.0.0/toolchain/bin/../lib/gcc/arm-none-eabi/4.8.4/../../../../arm-none-eabi/lib/armv6-m\libg_s.a(lib_a-printf.o)
                0x00002058                iprintf
                0x00002058                printf
 .text.__sfputc_r
                0x0000208c       0x2a d:/programs/freescale/kds_3.0.0/toolchain/bin/../lib/gcc/arm-none-eabi/4.8.4/../../../../arm-none-eabi/lib/armv6-m\libg_s.a(lib_a-vfprintf.o)
 .text.__sfputs_r
                0x000020b6       0x24 d:/programs/freescale/kds_3.0.0/toolchain/bin/../lib/gcc/arm-none-eabi/4.8.4/../../../../arm-none-eabi/lib/armv6-m\libg_s.a(lib_a-vfprintf.o)
                0x000020b6                __sfputs_r
 *fill*         0x000020da        0x2 
 .text._vfprintf_r
                0x000020dc      0x210 d:/programs/freescale/kds_3.0.0/toolchain/bin/../lib/gcc/arm-none-eabi/4.8.4/../../../../arm-none-eabi/lib/armv6-m\libg_s.a(lib_a-vfprintf.o)
                0x000020dc                _vfprintf_r
                0x000020dc                _vfiprintf_r
 .text._printf_common
                0x000022ec       0xe8 d:/programs/freescale/kds_3.0.0/toolchain/bin/../lib/gcc/arm-none-eabi/4.8.4/../../../../arm-none-eabi/lib/armv6-m\libg_s.a(lib_a-vfprintf_i.o)
                0x000022ec                _printf_common
 .text._printf_i
                0x000023d4      0x22c d:/programs/freescale/kds_3.0.0/toolchain/bin/../lib/gcc/arm-none-eabi/4.8.4/../../../../arm-none-eabi/lib/armv6-m\libg_s.a(lib_a-vfprintf_i.o)
                0x000023d4                _printf_i
 .text.__swbuf_r
                0x00002600       0xb0 d:/programs/freescale/kds_3.0.0/toolchain/bin/../lib/gcc/arm-none-eabi/4.8.4/../../../../arm-none-eabi/lib/armv6-m\libg_s.a(lib_a-wbuf.o)
                0x00002600                __swbuf_r
 .text.__swsetup_r
                0x000026b0       0xe4 d:/programs/freescale/kds_3.0.0/toolchain/bin/../lib/gcc/arm-none-eabi/4.8.4/../../../../arm-none-eabi/lib/armv6-m\libg_s.a(lib_a-wsetup.o)
                0x000026b0                __swsetup_r
 .text.__sflush_r
                0x00002794      0x112 d:/programs/freescale/kds_3.0.0/toolchain/bin/../lib/gcc/arm-none-eabi/4.8.4/../../../../arm-none-eabi/lib/armv6-m\libg_s.a(lib_a-fflush.o)
                0x00002794                __sflush_r
 *fill*         0x000028a6        0x2 
 .text._fflush_r
                0x000028a8       0x58 d:/programs/freescale/kds_3.0.0/toolchain/bin/../lib/gcc/arm-none-eabi/4.8.4/../../../../arm-none-eabi/lib/armv6-m\libg_s.a(lib_a-fflush.o)
                0x000028a8                _fflush_r
 .text._cleanup_r
                0x00002900       0x34 d:/programs/freescale/kds_3.0.0/toolchain/bin/../lib/gcc/arm-none-eabi/4.8.4/../../../../arm-none-eabi/lib/armv6-m\libg_s.a(lib_a-findfp.o)
                0x00002900                _cleanup_r
 .text.std.isra.0
                0x00002934       0x48 d:/programs/freescale/kds_3.0.0/toolchain/bin/../lib/gcc/arm-none-eabi/4.8.4/../../../../arm-none-eabi/lib/armv6-m\libg_s.a(lib_a-findfp.o)
 .text.__sfmoreglue
                0x0000297c       0x2c d:/programs/freescale/kds_3.0.0/toolchain/bin/../lib/gcc/arm-none-eabi/4.8.4/../../../../arm-none-eabi/lib/armv6-m\libg_s.a(lib_a-findfp.o)
                0x0000297c                __sfmoreglue
 .text.__sinit  0x000029a8       0x64 d:/programs/freescale/kds_3.0.0/toolchain/bin/../lib/gcc/arm-none-eabi/4.8.4/../../../../arm-none-eabi/lib/armv6-m\libg_s.a(lib_a-findfp.o)
                0x000029a8                __sinit
 .text.__sfp    0x00002a0c       0x7c d:/programs/freescale/kds_3.0.0/toolchain/bin/../lib/gcc/arm-none-eabi/4.8.4/../../../../arm-none-eabi/lib/armv6-m\libg_s.a(lib_a-findfp.o)
                0x00002a0c                __sfp
 .text.__smakebuf_r
                0x00002a88       0xa0 d:/programs/freescale/kds_3.0.0/toolchain/bin/../lib/gcc/arm-none-eabi/4.8.4/../../../../arm-none-eabi/lib/armv6-m\libg_s.a(lib_a-makebuf.o)
                0x00002a88                __smakebuf_r
 .text.memchr   0x00002b28       0x16 d:/programs/freescale/kds_3.0.0/toolchain/bin/../lib/gcc/arm-none-eabi/4.8.4/../../../../arm-none-eabi/lib/armv6-m\libg_s.a(lib_a-memchr-stub.o)
                0x00002b28                memchr
 *fill*         0x00002b3e        0x2 
 .text._free_r  0x00002b40       0x90 d:/programs/freescale/kds_3.0.0/toolchain/bin/../lib/gcc/arm-none-eabi/4.8.4/../../../../arm-none-eabi/lib/armv6-m\libg_s.a(lib_a-nano-freer.o)
                0x00002b40                _free_r
 .text._malloc_r
                0x00002bd0       0xa8 d:/programs/freescale/kds_3.0.0/toolchain/bin/../lib/gcc/arm-none-eabi/4.8.4/../../../../arm-none-eabi/lib/armv6-m\libg_s.a(lib_a-nano-mallocr.o)
                0x00002bd0                _malloc_r
 .text._sbrk_r  0x00002c78       0x24 d:/programs/freescale/kds_3.0.0/toolchain/bin/../lib/gcc/arm-none-eabi/4.8.4/../../../../arm-none-eabi/lib/armv6-m\libg_s.a(lib_a-sbrkr.o)
                0x00002c78                _sbrk_r
 .text.__sread  0x00002c9c       0x28 d:/programs/freescale/kds_3.0.0/toolchain/bin/../lib/gcc/arm-none-eabi/4.8.4/../../../../arm-none-eabi/lib/armv6-m\libg_s.a(lib_a-stdio.o)
                0x00002c9c                __sread
 .text.__swrite
                0x00002cc4       0x38 d:/programs/freescale/kds_3.0.0/toolchain/bin/../lib/gcc/arm-none-eabi/4.8.4/../../../../arm-none-eabi/lib/armv6-m\libg_s.a(lib_a-stdio.o)
                0x00002cc4                __swrite
 .text.__sseek  0x00002cfc       0x2c d:/programs/freescale/kds_3.0.0/toolchain/bin/../lib/gcc/arm-none-eabi/4.8.4/../../../../arm-none-eabi/lib/armv6-m\libg_s.a(lib_a-stdio.o)
                0x00002cfc                __sseek
 .text.__sclose
                0x00002d28        0xc d:/programs/freescale/kds_3.0.0/toolchain/bin/../lib/gcc/arm-none-eabi/4.8.4/../../../../arm-none-eabi/lib/armv6-m\libg_s.a(lib_a-stdio.o)
                0x00002d28                __sclose
 .text._write_r
                0x00002d34       0x28 d:/programs/freescale/kds_3.0.0/toolchain/bin/../lib/gcc/arm-none-eabi/4.8.4/../../../../arm-none-eabi/lib/armv6-m\libg_s.a(lib_a-writer.o)
                0x00002d34                _write_r
 .text._close_r
                0x00002d5c       0x24 d:/programs/freescale/kds_3.0.0/toolchain/bin/../lib/gcc/arm-none-eabi/4.8.4/../../../../arm-none-eabi/lib/armv6-m\libg_s.a(lib_a-closer.o)
                0x00002d5c                _close_r
 .text._fstat_r
                0x00002d80       0x24 d:/programs/freescale/kds_3.0.0/toolchain/bin/../lib/gcc/arm-none-eabi/4.8.4/../../../../arm-none-eabi/lib/armv6-m\libg_s.a(lib_a-fstatr.o)
                0x00002d80                _fstat_r
 .text._isatty_r
                0x00002da4       0x24 d:/programs/freescale/kds_3.0.0/toolchain/bin/../lib/gcc/arm-none-eabi/4.8.4/../../../../arm-none-eabi/lib/armv6-m\libg_s.a(lib_a-isattyr.o)
                0x00002da4                _isatty_r
 .text._lseek_r
                0x00002dc8       0x28 d:/programs/freescale/kds_3.0.0/toolchain/bin/../lib/gcc/arm-none-eabi/4.8.4/../../../../arm-none-eabi/lib/armv6-m\libg_s.a(lib_a-lseekr.o)
                0x00002dc8                _lseek_r
 .text._read_r  0x00002df0       0x28 d:/programs/freescale/kds_3.0.0/toolchain/bin/../lib/gcc/arm-none-eabi/4.8.4/../../../../arm-none-eabi/lib/armv6-m\libg_s.a(lib_a-readr.o)
                0x00002df0                _read_r
 .text._close   0x00002e18       0x10 d:/programs/freescale/kds_3.0.0/toolchain/bin/../lib/gcc/arm-none-eabi/4.8.4/../../../../arm-none-eabi/lib/armv6-m\libnosys.a(close.o)
                0x00002e18                _close
 .text._fstat   0x00002e28       0x10 d:/programs/freescale/kds_3.0.0/toolchain/bin/../lib/gcc/arm-none-eabi/4.8.4/../../../../arm-none-eabi/lib/armv6-m\libnosys.a(fstat.o)
                0x00002e28                _fstat
 .text._isatty  0x00002e38       0x10 d:/programs/freescale/kds_3.0.0/toolchain/bin/../lib/gcc/arm-none-eabi/4.8.4/../../../../arm-none-eabi/lib/armv6-m\libnosys.a(isatty.o)
                0x00002e38                _isatty
 .text._lseek   0x00002e48       0x10 d:/programs/freescale/kds_3.0.0/toolchain/bin/../lib/gcc/arm-none-eabi/4.8.4/../../../../arm-none-eabi/lib/armv6-m\libnosys.a(lseek.o)
                0x00002e48                _lseek
 .text._read    0x00002e58       0x10 d:/programs/freescale/kds_3.0.0/toolchain/bin/../lib/gcc/arm-none-eabi/4.8.4/../../../../arm-none-eabi/lib/armv6-m\libnosys.a(read.o)
                0x00002e58                _read
 .text._sbrk    0x00002e68       0x34 d:/programs/freescale/kds_3.0.0/toolchain/bin/../lib/gcc/arm-none-eabi/4.8.4/../../../../arm-none-eabi/lib/armv6-m\libnosys.a(sbrk.o)
                0x00002e68                _sbrk
 .text._write   0x00002e9c       0x10 d:/programs/freescale/kds_3.0.0/toolchain/bin/../lib/gcc/arm-none-eabi/4.8.4/../../../../arm-none-eabi/lib/armv6-m\libnosys.a(write.o)
                0x00002e9c                _write
 .text._exit    0x00002eac        0x4 d:/programs/freescale/kds_3.0.0/toolchain/bin/../lib/gcc/arm-none-eabi/4.8.4/../../../../arm-none-eabi/lib/armv6-m\libnosys.a(_exit.o)
                0x00002eac                _exit
 *(.rodata)
 .rodata        0x00002eb0       0x44 ./drivers/uart/uart.o
 .rodata        0x00002ef4       0x44 ./drivers/gpio/gpio.o
 .rodata        0x00002f38      0x11c ./Sources/main.o
 *(.rodata*)
 .rodata.ASSERT_FAILED_STR
                0x00003054       0x24 ./common/assert.o
                0x00003054                ASSERT_FAILED_STR
 .rodata.str1.1
                0x00003078        0x2 d:/programs/freescale/kds_3.0.0/toolchain/bin/../lib/gcc/arm-none-eabi/4.8.4/../../../../arm-none-eabi/lib/armv6-m\libg_s.a(lib_a-impure.o)
 *fill*         0x0000307a        0x2 
 .rodata._global_impure_ptr
                0x0000307c        0x4 d:/programs/freescale/kds_3.0.0/toolchain/bin/../lib/gcc/arm-none-eabi/4.8.4/../../../../arm-none-eabi/lib/armv6-m\libg_s.a(lib_a-impure.o)
                0x0000307c                _global_impure_ptr
 .rodata.str1.1
                0x00003080       0x11 d:/programs/freescale/kds_3.0.0/toolchain/bin/../lib/gcc/arm-none-eabi/4.8.4/../../../../arm-none-eabi/lib/armv6-m\libg_s.a(lib_a-vfprintf.o)
 .rodata.str1.1
                0x00003091       0x22 d:/programs/freescale/kds_3.0.0/toolchain/bin/../lib/gcc/arm-none-eabi/4.8.4/../../../../arm-none-eabi/lib/armv6-m\libg_s.a(lib_a-vfprintf_i.o)
 *fill*         0x000030b3        0x1 
 .rodata.__sf_fake_stdin
                0x000030b4       0x20 d:/programs/freescale/kds_3.0.0/toolchain/bin/../lib/gcc/arm-none-eabi/4.8.4/../../../../arm-none-eabi/lib/armv6-m\libg_s.a(lib_a-findfp.o)
                0x000030b4                __sf_fake_stdin
 .rodata.__sf_fake_stdout
                0x000030d4       0x20 d:/programs/freescale/kds_3.0.0/toolchain/bin/../lib/gcc/arm-none-eabi/4.8.4/../../../../arm-none-eabi/lib/armv6-m\libg_s.a(lib_a-findfp.o)
                0x000030d4                __sf_fake_stdout
 .rodata.__sf_fake_stderr
                0x000030f4       0x20 d:/programs/freescale/kds_3.0.0/toolchain/bin/../lib/gcc/arm-none-eabi/4.8.4/../../../../arm-none-eabi/lib/armv6-m\libg_s.a(lib_a-findfp.o)
                0x000030f4                __sf_fake_stderr
 *(.glue_7)
 .glue_7        0x00000000        0x0 linker stubs
 *(.glue_7t)
 .glue_7t       0x00000000        0x0 linker stubs
 *(.eh_frame)
 .eh_frame      0x00003114        0x0 d:/programs/freescale/kds_3.0.0/toolchain/bin/../lib/gcc/arm-none-eabi/4.8.4/armv6-m/crtbegin.o
 *(.init)
 .init          0x00003114        0x4 d:/programs/freescale/kds_3.0.0/toolchain/bin/../lib/gcc/arm-none-eabi/4.8.4/armv6-m/crti.o
                0x00003114                _init
 .init          0x00003118        0x8 d:/programs/freescale/kds_3.0.0/toolchain/bin/../lib/gcc/arm-none-eabi/4.8.4/armv6-m/crtn.o
 *(.fini)
 .fini          0x00003120        0x4 d:/programs/freescale/kds_3.0.0/toolchain/bin/../lib/gcc/arm-none-eabi/4.8.4/armv6-m/crti.o
                0x00003120                _fini
 .fini          0x00003124        0x8 d:/programs/freescale/kds_3.0.0/toolchain/bin/../lib/gcc/arm-none-eabi/4.8.4/armv6-m/crtn.o
                0x0000312c                . = ALIGN (0x4)

.vfp11_veneer   0x0000312c        0x0
 .vfp11_veneer  0x00000000        0x0 linker stubs

.v4_bx          0x0000312c        0x0
 .v4_bx         0x00000000        0x0 linker stubs

.iplt           0x0000312c        0x0
 .iplt          0x00000000        0x0 d:/programs/freescale/kds_3.0.0/toolchain/bin/../lib/gcc/arm-none-eabi/4.8.4/armv6-m/crtbegin.o

.ARM.extab
 *(.ARM.extab* .gnu.linkonce.armextab.*)

.ARM            0x0000312c        0x8
                0x0000312c                __exidx_start = .
 *(.ARM.exidx*)
 .ARM.exidx     0x0000312c        0x8 d:/programs/freescale/kds_3.0.0/toolchain/bin/../lib/gcc/arm-none-eabi/4.8.4/../../../../arm-none-eabi/lib/armv6-m/crt0.o
                0x00003134                __exidx_end = .

.rel.dyn        0x00003134        0x0
 .rel.iplt      0x00000000        0x0 d:/programs/freescale/kds_3.0.0/toolchain/bin/../lib/gcc/arm-none-eabi/4.8.4/armv6-m/crtbegin.o

.ctors          0x00003134        0x0
                0x00003134                __CTOR_LIST__ = .
 *crtbegin.o(.ctors)
 *crtbegin?.o(.ctors)
 *(EXCLUDE_FILE(*crtend.o *crtend?.o) .ctors)
 *(SORT(.ctors.*))
 *(.ctors)
                0x00003134                __CTOR_END__ = .

.dtors          0x00003134        0x0
                0x00003134                __DTOR_LIST__ = .
 *crtbegin.o(.dtors)
 *crtbegin?.o(.dtors)
 *(EXCLUDE_FILE(*crtend.o *crtend?.o) .dtors)
 *(SORT(.dtors.*))
 *(.dtors)
                0x00003134                __DTOR_END__ = .

.preinit_array  0x00003134        0x0
                0x00003134                PROVIDE (__preinit_array_start, .)
 *(.preinit_array*)
                0x00003134                PROVIDE (__preinit_array_end, .)

.init_array     0x00003134        0x4
                0x00003134                PROVIDE (__init_array_start, .)
 *(SORT(.init_array.*))
 *(.init_array*)
 .init_array    0x00003134        0x4 d:/programs/freescale/kds_3.0.0/toolchain/bin/../lib/gcc/arm-none-eabi/4.8.4/armv6-m/crtbegin.o
                0x00003138                PROVIDE (__init_array_end, .)

.fini_array     0x00003138        0x4
                0x00003138                PROVIDE (__fini_array_start, .)
 *(SORT(.fini_array.*))
 *(.fini_array*)
 .fini_array    0x00003138        0x4 d:/programs/freescale/kds_3.0.0/toolchain/bin/../lib/gcc/arm-none-eabi/4.8.4/armv6-m/crtbegin.o
                0x0000313c                PROVIDE (__fini_array_end, .)
                0x0000313c                __etext = .
                0x0000313c                __DATA_ROM = .

.mtb            0x1ffffc00        0x0
                0x1ffffc00                . = ALIGN (0x8)
                0x1ffffc00                _mtb_start = .
 *(.mtb_buf)
                0x1ffffc00                . = ALIGN (0x8)
                0x1ffffc00                _mtb_end = .

.data           0x1ffffc00       0x6c load address 0x0000313c
                0x1ffffc00                . = ALIGN (0x4)
                0x1ffffc00                __DATA_RAM = .
                0x1ffffc00                __data_start__ = .
 *(.data)
 *(.data*)
 .data.addrPtr  0x1ffffc00        0x4 ./Sources/main.o
                0x1ffffc00                addrPtr
 .data.impure_data
                0x1ffffc04       0x60 d:/programs/freescale/kds_3.0.0/toolchain/bin/../lib/gcc/arm-none-eabi/4.8.4/../../../../arm-none-eabi/lib/armv6-m\libg_s.a(lib_a-impure.o)
 .data._impure_ptr
                0x1ffffc64        0x4 d:/programs/freescale/kds_3.0.0/toolchain/bin/../lib/gcc/arm-none-eabi/4.8.4/../../../../arm-none-eabi/lib/armv6-m\libg_s.a(lib_a-impure.o)
                0x1ffffc64                _impure_ptr
 *(.jcr*)
 .jcr           0x1ffffc68        0x0 d:/programs/freescale/kds_3.0.0/toolchain/bin/../lib/gcc/arm-none-eabi/4.8.4/armv6-m/crtbegin.o
 .jcr           0x1ffffc68        0x4 d:/programs/freescale/kds_3.0.0/toolchain/bin/../lib/gcc/arm-none-eabi/4.8.4/armv6-m/crtend.o
                0x1ffffc6c                . = ALIGN (0x4)
                0x1ffffc6c                __data_end__ = .
                0x000031a8                __DATA_END = (__DATA_ROM + (__data_end__ - __data_start__))

.igot.plt       0x1ffffc6c        0x0 load address 0x000031a8
 .igot.plt      0x00000000        0x0 d:/programs/freescale/kds_3.0.0/toolchain/bin/../lib/gcc/arm-none-eabi/4.8.4/armv6-m/crtbegin.o

.bss            0x1ffffc6c       0x84 load address 0x000031a8
                0x1ffffc6c                . = ALIGN (0x4)
                0x1ffffc6c                __START_BSS = .
                0x1ffffc6c                __bss_start__ = .
 *(.bss)
 .bss           0x1ffffc6c       0x1c d:/programs/freescale/kds_3.0.0/toolchain/bin/../lib/gcc/arm-none-eabi/4.8.4/armv6-m/crtbegin.o
 *(.bss*)
 .bss.protocolContext
                0x1ffffc88       0x50 ./Sources/main.o
 .bss.crcPattern
                0x1ffffcd8        0x4 ./Sources/main.o
 .bss.crcResult
                0x1ffffcdc        0x4 ./Sources/main.o
 .bss.__malloc_sbrk_start
                0x1ffffce0        0x4 d:/programs/freescale/kds_3.0.0/toolchain/bin/../lib/gcc/arm-none-eabi/4.8.4/../../../../arm-none-eabi/lib/armv6-m\libg_s.a(lib_a-nano-mallocr.o)
                0x1ffffce0                __malloc_sbrk_start
 .bss.__malloc_free_list
                0x1ffffce4        0x4 d:/programs/freescale/kds_3.0.0/toolchain/bin/../lib/gcc/arm-none-eabi/4.8.4/../../../../arm-none-eabi/lib/armv6-m\libg_s.a(lib_a-nano-mallocr.o)
                0x1ffffce4                __malloc_free_list
 .bss.heap_end.4246
                0x1ffffce8        0x4 d:/programs/freescale/kds_3.0.0/toolchain/bin/../lib/gcc/arm-none-eabi/4.8.4/../../../../arm-none-eabi/lib/armv6-m\libnosys.a(sbrk.o)
 *(COMMON)
 COMMON         0x1ffffcec        0x4 d:/programs/freescale/kds_3.0.0/toolchain/bin/../lib/gcc/arm-none-eabi/4.8.4/../../../../arm-none-eabi/lib/armv6-m\libg_s.a(lib_a-reent.o)
                0x1ffffcec                errno
                0x1ffffcf0                . = ALIGN (0x4)
                0x1ffffcf0                __bss_end__ = .
                0x1ffffcf0                __END_BSS = .

.heap           0x1ffffcf0        0x0
                0x1ffffcf0                . = ALIGN (0x8)
                0x1ffffcf0                __end__ = .
                0x1ffffcf0                PROVIDE (end, .)
                0x1ffffcf0                __HeapBase = .
                0x1ffffcf0                . = (. + HEAP_SIZE)
                0x1ffffcf0                __HeapLimit = .

.stack          0x1ffffcf0      0x110 load address 0x0000322c
                0x1ffffcf0                . = ALIGN (0x8)
                0x1ffffe00                . = (. + STACK_SIZE)
 *fill*         0x1ffffcf0      0x110 
                0x1ffffe00                __StackTop = .
                0x1ffffcf0                __StackLimit = (__StackTop - STACK_SIZE)
                0x1ffffe00                PROVIDE (__stack, __StackTop)

.ARM.attributes
                0x00000000       0x28
 *(.ARM.attributes)
 .ARM.attributes
                0x00000000       0x1e d:/programs/freescale/kds_3.0.0/toolchain/bin/../lib/gcc/arm-none-eabi/4.8.4/armv6-m/crti.o
 .ARM.attributes
                0x0000001e       0x2c d:/programs/freescale/kds_3.0.0/toolchain/bin/../lib/gcc/arm-none-eabi/4.8.4/armv6-m/crtbegin.o
 .ARM.attributes
                0x0000004a       0x1b d:/programs/freescale/kds_3.0.0/toolchain/bin/../lib/gcc/arm-none-eabi/4.8.4/../../../../arm-none-eabi/lib/armv6-m/crt0.o
 .ARM.attributes
                0x00000065       0x32 ./drivers/wdog/wdog.o
 .ARM.attributes
                0x00000097       0x32 ./drivers/uart/uart.o
 .ARM.attributes
                0x000000c9       0x32 ./drivers/rtc/rtc.o
 .ARM.attributes
                0x000000fb       0x32 ./drivers/gpio/gpio.o
 .ARM.attributes
                0x0000012d       0x32 ./drivers/crc/crc.o
 .ARM.attributes
                0x0000015f       0x32 ./common/assert.o
 .ARM.attributes
                0x00000191       0x32 ./common/stdlib.o
 .ARM.attributes
                0x000001c3       0x32 ./Sources/commProtocol.o
 .ARM.attributes
                0x000001f5       0x32 ./Sources/main.o
 .ARM.attributes
                0x00000227       0x1b ./Project_Settings/Startup_Code/startup_MKE02Z2.o
 .ARM.attributes
                0x00000242       0x32 ./Project_Settings/Startup_Code/system_MKE02Z2.o
 .ARM.attributes
                0x00000274       0x1e d:/programs/freescale/kds_3.0.0/toolchain/bin/../lib/gcc/arm-none-eabi/4.8.4/armv6-m\libgcc.a(_udivsi3.o)
 .ARM.attributes
                0x00000292       0x1e d:/programs/freescale/kds_3.0.0/toolchain/bin/../lib/gcc/arm-none-eabi/4.8.4/armv6-m\libgcc.a(_dvmd_tls.o)
 .ARM.attributes
                0x000002b0       0x2c d:/programs/freescale/kds_3.0.0/toolchain/bin/../lib/gcc/arm-none-eabi/4.8.4/../../../../arm-none-eabi/lib/armv6-m\libg_s.a(lib_a-exit.o)
 .ARM.attributes
                0x000002dc       0x2c d:/programs/freescale/kds_3.0.0/toolchain/bin/../lib/gcc/arm-none-eabi/4.8.4/../../../../arm-none-eabi/lib/armv6-m\libg_s.a(lib_a-impure.o)
 .ARM.attributes
                0x00000308       0x2c d:/programs/freescale/kds_3.0.0/toolchain/bin/../lib/gcc/arm-none-eabi/4.8.4/../../../../arm-none-eabi/lib/armv6-m\libg_s.a(lib_a-init.o)
 .ARM.attributes
                0x00000334       0x2c d:/programs/freescale/kds_3.0.0/toolchain/bin/../lib/gcc/arm-none-eabi/4.8.4/../../../../arm-none-eabi/lib/armv6-m\libg_s.a(lib_a-printf.o)
 .ARM.attributes
                0x00000360       0x2c d:/programs/freescale/kds_3.0.0/toolchain/bin/../lib/gcc/arm-none-eabi/4.8.4/../../../../arm-none-eabi/lib/armv6-m\libg_s.a(lib_a-vfprintf.o)
 .ARM.attributes
                0x0000038c       0x2c d:/programs/freescale/kds_3.0.0/toolchain/bin/../lib/gcc/arm-none-eabi/4.8.4/../../../../arm-none-eabi/lib/armv6-m\libg_s.a(lib_a-vfprintf_i.o)
 .ARM.attributes
                0x000003b8       0x2c d:/programs/freescale/kds_3.0.0/toolchain/bin/../lib/gcc/arm-none-eabi/4.8.4/../../../../arm-none-eabi/lib/armv6-m\libg_s.a(lib_a-wbuf.o)
 .ARM.attributes
                0x000003e4       0x2c d:/programs/freescale/kds_3.0.0/toolchain/bin/../lib/gcc/arm-none-eabi/4.8.4/../../../../arm-none-eabi/lib/armv6-m\libg_s.a(lib_a-wsetup.o)
 .ARM.attributes
                0x00000410       0x2c d:/programs/freescale/kds_3.0.0/toolchain/bin/../lib/gcc/arm-none-eabi/4.8.4/../../../../arm-none-eabi/lib/armv6-m\libg_s.a(lib_a-fflush.o)
 .ARM.attributes
                0x0000043c       0x2c d:/programs/freescale/kds_3.0.0/toolchain/bin/../lib/gcc/arm-none-eabi/4.8.4/../../../../arm-none-eabi/lib/armv6-m\libg_s.a(lib_a-findfp.o)
 .ARM.attributes
                0x00000468       0x2c d:/programs/freescale/kds_3.0.0/toolchain/bin/../lib/gcc/arm-none-eabi/4.8.4/../../../../arm-none-eabi/lib/armv6-m\libg_s.a(lib_a-makebuf.o)
 .ARM.attributes
                0x00000494       0x2c d:/programs/freescale/kds_3.0.0/toolchain/bin/../lib/gcc/arm-none-eabi/4.8.4/../../../../arm-none-eabi/lib/armv6-m\libg_s.a(lib_a-memchr-stub.o)
 .ARM.attributes
                0x000004c0       0x2c d:/programs/freescale/kds_3.0.0/toolchain/bin/../lib/gcc/arm-none-eabi/4.8.4/../../../../arm-none-eabi/lib/armv6-m\libg_s.a(lib_a-nano-freer.o)
 .ARM.attributes
                0x000004ec       0x2c d:/programs/freescale/kds_3.0.0/toolchain/bin/../lib/gcc/arm-none-eabi/4.8.4/../../../../arm-none-eabi/lib/armv6-m\libg_s.a(lib_a-nano-mallocr.o)
 .ARM.attributes
                0x00000518       0x2c d:/programs/freescale/kds_3.0.0/toolchain/bin/../lib/gcc/arm-none-eabi/4.8.4/../../../../arm-none-eabi/lib/armv6-m\libg_s.a(lib_a-sbrkr.o)
 .ARM.attributes
                0x00000544       0x2c d:/programs/freescale/kds_3.0.0/toolchain/bin/../lib/gcc/arm-none-eabi/4.8.4/../../../../arm-none-eabi/lib/armv6-m\libg_s.a(lib_a-stdio.o)
 .ARM.attributes
                0x00000570       0x2c d:/programs/freescale/kds_3.0.0/toolchain/bin/../lib/gcc/arm-none-eabi/4.8.4/../../../../arm-none-eabi/lib/armv6-m\libg_s.a(lib_a-writer.o)
 .ARM.attributes
                0x0000059c       0x2c d:/programs/freescale/kds_3.0.0/toolchain/bin/../lib/gcc/arm-none-eabi/4.8.4/../../../../arm-none-eabi/lib/armv6-m\libg_s.a(lib_a-closer.o)
 .ARM.attributes
                0x000005c8       0x2c d:/programs/freescale/kds_3.0.0/toolchain/bin/../lib/gcc/arm-none-eabi/4.8.4/../../../../arm-none-eabi/lib/armv6-m\libg_s.a(lib_a-fstatr.o)
 .ARM.attributes
                0x000005f4       0x2c d:/programs/freescale/kds_3.0.0/toolchain/bin/../lib/gcc/arm-none-eabi/4.8.4/../../../../arm-none-eabi/lib/armv6-m\libg_s.a(lib_a-isattyr.o)
 .ARM.attributes
                0x00000620       0x2c d:/programs/freescale/kds_3.0.0/toolchain/bin/../lib/gcc/arm-none-eabi/4.8.4/../../../../arm-none-eabi/lib/armv6-m\libg_s.a(lib_a-lseekr.o)
 .ARM.attributes
                0x0000064c       0x2c d:/programs/freescale/kds_3.0.0/toolchain/bin/../lib/gcc/arm-none-eabi/4.8.4/../../../../arm-none-eabi/lib/armv6-m\libg_s.a(lib_a-readr.o)
 .ARM.attributes
                0x00000678       0x2c d:/programs/freescale/kds_3.0.0/toolchain/bin/../lib/gcc/arm-none-eabi/4.8.4/../../../../arm-none-eabi/lib/armv6-m\libg_s.a(lib_a-reent.o)
 .ARM.attributes
                0x000006a4       0x2c d:/programs/freescale/kds_3.0.0/toolchain/bin/../lib/gcc/arm-none-eabi/4.8.4/../../../../arm-none-eabi/lib/armv6-m\libnosys.a(close.o)
 .ARM.attributes
                0x000006d0       0x2c d:/programs/freescale/kds_3.0.0/toolchain/bin/../lib/gcc/arm-none-eabi/4.8.4/../../../../arm-none-eabi/lib/armv6-m\libnosys.a(fstat.o)
 .ARM.attributes
                0x000006fc       0x2c d:/programs/freescale/kds_3.0.0/toolchain/bin/../lib/gcc/arm-none-eabi/4.8.4/../../../../arm-none-eabi/lib/armv6-m\libnosys.a(isatty.o)
 .ARM.attributes
                0x00000728       0x2c d:/programs/freescale/kds_3.0.0/toolchain/bin/../lib/gcc/arm-none-eabi/4.8.4/../../../../arm-none-eabi/lib/armv6-m\libnosys.a(lseek.o)
 .ARM.attributes
                0x00000754       0x2c d:/programs/freescale/kds_3.0.0/toolchain/bin/../lib/gcc/arm-none-eabi/4.8.4/../../../../arm-none-eabi/lib/armv6-m\libnosys.a(read.o)
 .ARM.attributes
                0x00000780       0x2c d:/programs/freescale/kds_3.0.0/toolchain/bin/../lib/gcc/arm-none-eabi/4.8.4/../../../../arm-none-eabi/lib/armv6-m\libnosys.a(sbrk.o)
 .ARM.attributes
                0x000007ac       0x2c d:/programs/freescale/kds_3.0.0/toolchain/bin/../lib/gcc/arm-none-eabi/4.8.4/../../../../arm-none-eabi/lib/armv6-m\libnosys.a(write.o)
 .ARM.attributes
                0x000007d8       0x2c d:/programs/freescale/kds_3.0.0/toolchain/bin/../lib/gcc/arm-none-eabi/4.8.4/../../../../arm-none-eabi/lib/armv6-m\libnosys.a(_exit.o)
 .ARM.attributes
                0x00000804       0x2c d:/programs/freescale/kds_3.0.0/toolchain/bin/../lib/gcc/arm-none-eabi/4.8.4/armv6-m/crtend.o
 .ARM.attributes
                0x00000830       0x1e d:/programs/freescale/kds_3.0.0/toolchain/bin/../lib/gcc/arm-none-eabi/4.8.4/armv6-m/crtn.o
OUTPUT(dynamicRamTest.elf elf32-littlearm)

.debug_info     0x00000000     0x3bec
 .debug_info    0x00000000      0x4af ./drivers/wdog/wdog.o
 .debug_info    0x000004af      0x77b ./drivers/uart/uart.o
 .debug_info    0x00000c2a      0x5bf ./drivers/rtc/rtc.o
 .debug_info    0x000011e9      0x729 ./drivers/gpio/gpio.o
 .debug_info    0x00001912      0x4ed ./drivers/crc/crc.o
 .debug_info    0x00001dff       0xe4 ./common/assert.o
 .debug_info    0x00001ee3      0x61b ./common/stdlib.o
 .debug_info    0x000024fe      0x2e7 ./Sources/commProtocol.o
 .debug_info    0x000027e5     0x105b ./Sources/main.o
 .debug_info    0x00003840       0x8e ./Project_Settings/Startup_Code/startup_MKE02Z2.o
 .debug_info    0x000038ce      0x31e ./Project_Settings/Startup_Code/system_MKE02Z2.o

.debug_abbrev   0x00000000      0xfa9
 .debug_abbrev  0x00000000      0x197 ./drivers/wdog/wdog.o
 .debug_abbrev  0x00000197      0x25a ./drivers/uart/uart.o
 .debug_abbrev  0x000003f1      0x1fe ./drivers/rtc/rtc.o
 .debug_abbrev  0x000005ef      0x114 ./drivers/gpio/gpio.o
 .debug_abbrev  0x00000703      0x168 ./drivers/crc/crc.o
 .debug_abbrev  0x0000086b       0x96 ./common/assert.o
 .debug_abbrev  0x00000901      0x13c ./common/stdlib.o
 .debug_abbrev  0x00000a3d      0x128 ./Sources/commProtocol.o
 .debug_abbrev  0x00000b65      0x32e ./Sources/main.o
 .debug_abbrev  0x00000e93       0x14 ./Project_Settings/Startup_Code/startup_MKE02Z2.o
 .debug_abbrev  0x00000ea7      0x102 ./Project_Settings/Startup_Code/system_MKE02Z2.o

.debug_aranges  0x00000000      0x400
 .debug_aranges
                0x00000000       0x58 ./drivers/wdog/wdog.o
 .debug_aranges
                0x00000058       0xb8 ./drivers/uart/uart.o
 .debug_aranges
                0x00000110       0x70 ./drivers/rtc/rtc.o
 .debug_aranges
                0x00000180       0x60 ./drivers/gpio/gpio.o
 .debug_aranges
                0x000001e0       0x38 ./drivers/crc/crc.o
 .debug_aranges
                0x00000218       0x20 ./common/assert.o
 .debug_aranges
                0x00000238       0x98 ./common/stdlib.o
 .debug_aranges
                0x000002d0       0x30 ./Sources/commProtocol.o
 .debug_aranges
                0x00000300       0xb8 ./Sources/main.o
 .debug_aranges
                0x000003b8       0x20 ./Project_Settings/Startup_Code/startup_MKE02Z2.o
 .debug_aranges
                0x000003d8       0x28 ./Project_Settings/Startup_Code/system_MKE02Z2.o

.debug_ranges   0x00000000      0x340
 .debug_ranges  0x00000000       0x48 ./drivers/wdog/wdog.o
 .debug_ranges  0x00000048       0xa8 ./drivers/uart/uart.o
 .debug_ranges  0x000000f0       0x60 ./drivers/rtc/rtc.o
 .debug_ranges  0x00000150       0x50 ./drivers/gpio/gpio.o
 .debug_ranges  0x000001a0       0x28 ./drivers/crc/crc.o
 .debug_ranges  0x000001c8       0x10 ./common/assert.o
 .debug_ranges  0x000001d8       0x88 ./common/stdlib.o
 .debug_ranges  0x00000260       0x20 ./Sources/commProtocol.o
 .debug_ranges  0x00000280       0xa8 ./Sources/main.o
 .debug_ranges  0x00000328       0x18 ./Project_Settings/Startup_Code/system_MKE02Z2.o

.debug_macro    0x00000000     0x52dc
 .debug_macro   0x00000000       0xdf ./drivers/wdog/wdog.o
 .debug_macro   0x000000df      0x802 ./drivers/wdog/wdog.o
 .debug_macro   0x000008e1       0x28 ./drivers/wdog/wdog.o
 .debug_macro   0x00000909       0x64 ./drivers/wdog/wdog.o
 .debug_macro   0x0000096d       0x16 ./drivers/wdog/wdog.o
 .debug_macro   0x00000983       0x44 ./drivers/wdog/wdog.o
 .debug_macro   0x000009c7      0x209 ./drivers/wdog/wdog.o
 .debug_macro   0x00000bd0       0xe3 ./drivers/wdog/wdog.o
 .debug_macro   0x00000cb3       0x63 ./drivers/wdog/wdog.o
 .debug_macro   0x00000d16       0x3a ./drivers/wdog/wdog.o
 .debug_macro   0x00000d50       0x1f ./drivers/wdog/wdog.o
 .debug_macro   0x00000d6f      0x250 ./drivers/wdog/wdog.o
 .debug_macro   0x00000fbf       0x2b ./drivers/wdog/wdog.o
 .debug_macro   0x00000fea     0x390e ./drivers/wdog/wdog.o
 .debug_macro   0x000048f8       0x10 ./drivers/wdog/wdog.o
 .debug_macro   0x00004908       0x40 ./drivers/wdog/wdog.o
 .debug_macro   0x00004948       0xef ./drivers/uart/uart.o
 .debug_macro   0x00004a37       0xcf ./drivers/rtc/rtc.o
 .debug_macro   0x00004b06       0x58 ./drivers/rtc/rtc.o
 .debug_macro   0x00004b5e       0xd0 ./drivers/gpio/gpio.o
 .debug_macro   0x00004c2e       0xcf ./drivers/crc/crc.o
 .debug_macro   0x00004cfd       0x5e ./drivers/crc/crc.o
 .debug_macro   0x00004d5b       0xc6 ./common/assert.o
 .debug_macro   0x00004e21       0xc6 ./common/stdlib.o
 .debug_macro   0x00004ee7       0xf9 ./Sources/commProtocol.o
 .debug_macro   0x00004fe0      0x12e ./Sources/main.o
 .debug_macro   0x0000510e       0x2e ./Sources/main.o
 .debug_macro   0x0000513c       0x39 ./Sources/main.o
 .debug_macro   0x00005175       0xe9 ./Sources/main.o
 .debug_macro   0x0000525e       0x7e ./Project_Settings/Startup_Code/system_MKE02Z2.o

.debug_line     0x00000000     0x2f5b
 .debug_line    0x00000000      0x475 ./drivers/wdog/wdog.o
 .debug_line    0x00000475      0x5fc ./drivers/uart/uart.o
 .debug_line    0x00000a71      0x446 ./drivers/rtc/rtc.o
 .debug_line    0x00000eb7      0x4e4 ./drivers/gpio/gpio.o
 .debug_line    0x0000139b      0x401 ./drivers/crc/crc.o
 .debug_line    0x0000179c      0x32d ./common/assert.o
 .debug_line    0x00001ac9      0x5ab ./common/stdlib.o
 .debug_line    0x00002074      0x495 ./Sources/commProtocol.o
 .debug_line    0x00002509      0x74b ./Sources/main.o
 .debug_line    0x00002c54       0x83 ./Project_Settings/Startup_Code/startup_MKE02Z2.o
 .debug_line    0x00002cd7      0x284 ./Project_Settings/Startup_Code/system_MKE02Z2.o

.debug_str      0x00000000    0x169ab
 .debug_str     0x00000000    0x14f1c ./drivers/wdog/wdog.o
                              0x152f7 (size before relaxing)
 .debug_str     0x00014f1c      0x480 ./drivers/uart/uart.o
                              0x155be (size before relaxing)
 .debug_str     0x0001539c      0x520 ./drivers/rtc/rtc.o
                              0x1555f (size before relaxing)
 .debug_str     0x000158bc      0x8cd ./drivers/gpio/gpio.o
                              0x1589a (size before relaxing)
 .debug_str     0x00016189      0x312 ./drivers/crc/crc.o
                              0x15357 (size before relaxing)
 .debug_str     0x0001649b       0x64 ./common/assert.o
                              0x15022 (size before relaxing)
 .debug_str     0x000164ff       0xfd ./common/stdlib.o
                              0x150b6 (size before relaxing)
 .debug_str     0x000165fc      0x154 ./Sources/commProtocol.o
                              0x1527d (size before relaxing)
 .debug_str     0x00016750      0x1d2 ./Sources/main.o
                              0x162c3 (size before relaxing)
 .debug_str     0x00016922       0x89 ./Project_Settings/Startup_Code/system_MKE02Z2.o
                              0x14ba4 (size before relaxing)

.comment        0x00000000       0x70
 .comment       0x00000000       0x70 ./drivers/wdog/wdog.o
                                 0x71 (size before relaxing)
 .comment       0x00000000       0x71 ./drivers/uart/uart.o
 .comment       0x00000000       0x71 ./drivers/rtc/rtc.o
 .comment       0x00000000       0x71 ./drivers/gpio/gpio.o
 .comment       0x00000000       0x71 ./drivers/crc/crc.o
 .comment       0x00000000       0x71 ./common/assert.o
 .comment       0x00000000       0x71 ./common/stdlib.o
 .comment       0x00000000       0x71 ./Sources/commProtocol.o
 .comment       0x00000000       0x71 ./Sources/main.o
 .comment       0x00000000       0x71 ./Project_Settings/Startup_Code/system_MKE02Z2.o

.debug_frame    0x00000000     0x13a4
 .debug_frame   0x00000000      0x108 ./drivers/wdog/wdog.o
 .debug_frame   0x00000108      0x284 ./drivers/uart/uart.o
 .debug_frame   0x0000038c      0x160 ./drivers/rtc/rtc.o
 .debug_frame   0x000004ec      0x130 ./drivers/gpio/gpio.o
 .debug_frame   0x0000061c       0x8c ./drivers/crc/crc.o
 .debug_frame   0x000006a8       0x30 ./common/assert.o
 .debug_frame   0x000006d8      0x210 ./common/stdlib.o
 .debug_frame   0x000008e8       0x78 ./Sources/commProtocol.o
 .debug_frame   0x00000960      0x26c ./Sources/main.o
 .debug_frame   0x00000bcc       0x4c ./Project_Settings/Startup_Code/system_MKE02Z2.o
 .debug_frame   0x00000c18       0x20 d:/programs/freescale/kds_3.0.0/toolchain/bin/../lib/gcc/arm-none-eabi/4.8.4/armv6-m\libgcc.a(_udivsi3.o)
 .debug_frame   0x00000c38       0x28 d:/programs/freescale/kds_3.0.0/toolchain/bin/../lib/gcc/arm-none-eabi/4.8.4/../../../../arm-none-eabi/lib/armv6-m\libg_s.a(lib_a-exit.o)
 .debug_frame   0x00000c60       0x2c d:/programs/freescale/kds_3.0.0/toolchain/bin/../lib/gcc/arm-none-eabi/4.8.4/../../../../arm-none-eabi/lib/armv6-m\libg_s.a(lib_a-init.o)
 .debug_frame   0x00000c8c       0x50 d:/programs/freescale/kds_3.0.0/toolchain/bin/../lib/gcc/arm-none-eabi/4.8.4/../../../../arm-none-eabi/lib/armv6-m\libg_s.a(lib_a-printf.o)
 .debug_frame   0x00000cdc       0xa0 d:/programs/freescale/kds_3.0.0/toolchain/bin/../lib/gcc/arm-none-eabi/4.8.4/../../../../arm-none-eabi/lib/armv6-m\libg_s.a(lib_a-vfprintf.o)
 .debug_frame   0x00000d7c       0x54 d:/programs/freescale/kds_3.0.0/toolchain/bin/../lib/gcc/arm-none-eabi/4.8.4/../../../../arm-none-eabi/lib/armv6-m\libg_s.a(lib_a-vfprintf_i.o)
 .debug_frame   0x00000dd0       0x44 d:/programs/freescale/kds_3.0.0/toolchain/bin/../lib/gcc/arm-none-eabi/4.8.4/../../../../arm-none-eabi/lib/armv6-m\libg_s.a(lib_a-wbuf.o)
 .debug_frame   0x00000e14       0x2c d:/programs/freescale/kds_3.0.0/toolchain/bin/../lib/gcc/arm-none-eabi/4.8.4/../../../../arm-none-eabi/lib/armv6-m\libg_s.a(lib_a-wsetup.o)
 .debug_frame   0x00000e40       0x68 d:/programs/freescale/kds_3.0.0/toolchain/bin/../lib/gcc/arm-none-eabi/4.8.4/../../../../arm-none-eabi/lib/armv6-m\libg_s.a(lib_a-fflush.o)
 .debug_frame   0x00000ea8      0x148 d:/programs/freescale/kds_3.0.0/toolchain/bin/../lib/gcc/arm-none-eabi/4.8.4/../../../../arm-none-eabi/lib/armv6-m\libg_s.a(lib_a-findfp.o)
 .debug_frame   0x00000ff0       0x30 d:/programs/freescale/kds_3.0.0/toolchain/bin/../lib/gcc/arm-none-eabi/4.8.4/../../../../arm-none-eabi/lib/armv6-m\libg_s.a(lib_a-makebuf.o)
 .debug_frame   0x00001020       0x20 d:/programs/freescale/kds_3.0.0/toolchain/bin/../lib/gcc/arm-none-eabi/4.8.4/../../../../arm-none-eabi/lib/armv6-m\libg_s.a(lib_a-memchr-stub.o)
 .debug_frame   0x00001040       0x2c d:/programs/freescale/kds_3.0.0/toolchain/bin/../lib/gcc/arm-none-eabi/4.8.4/../../../../arm-none-eabi/lib/armv6-m\libg_s.a(lib_a-nano-freer.o)
 .debug_frame   0x0000106c       0x2c d:/programs/freescale/kds_3.0.0/toolchain/bin/../lib/gcc/arm-none-eabi/4.8.4/../../../../arm-none-eabi/lib/armv6-m\libg_s.a(lib_a-nano-mallocr.o)
 .debug_frame   0x00001098       0x2c d:/programs/freescale/kds_3.0.0/toolchain/bin/../lib/gcc/arm-none-eabi/4.8.4/../../../../arm-none-eabi/lib/armv6-m\libg_s.a(lib_a-sbrkr.o)
 .debug_frame   0x000010c4       0x90 d:/programs/freescale/kds_3.0.0/toolchain/bin/../lib/gcc/arm-none-eabi/4.8.4/../../../../arm-none-eabi/lib/armv6-m\libg_s.a(lib_a-stdio.o)
 .debug_frame   0x00001154       0x2c d:/programs/freescale/kds_3.0.0/toolchain/bin/../lib/gcc/arm-none-eabi/4.8.4/../../../../arm-none-eabi/lib/armv6-m\libg_s.a(lib_a-writer.o)
 .debug_frame   0x00001180       0x2c d:/programs/freescale/kds_3.0.0/toolchain/bin/../lib/gcc/arm-none-eabi/4.8.4/../../../../arm-none-eabi/lib/armv6-m\libg_s.a(lib_a-closer.o)
 .debug_frame   0x000011ac       0x2c d:/programs/freescale/kds_3.0.0/toolchain/bin/../lib/gcc/arm-none-eabi/4.8.4/../../../../arm-none-eabi/lib/armv6-m\libg_s.a(lib_a-fstatr.o)
 .debug_frame   0x000011d8       0x2c d:/programs/freescale/kds_3.0.0/toolchain/bin/../lib/gcc/arm-none-eabi/4.8.4/../../../../arm-none-eabi/lib/armv6-m\libg_s.a(lib_a-isattyr.o)
 .debug_frame   0x00001204       0x2c d:/programs/freescale/kds_3.0.0/toolchain/bin/../lib/gcc/arm-none-eabi/4.8.4/../../../../arm-none-eabi/lib/armv6-m\libg_s.a(lib_a-lseekr.o)
 .debug_frame   0x00001230       0x2c d:/programs/freescale/kds_3.0.0/toolchain/bin/../lib/gcc/arm-none-eabi/4.8.4/../../../../arm-none-eabi/lib/armv6-m\libg_s.a(lib_a-readr.o)
 .debug_frame   0x0000125c       0x48 d:/programs/freescale/kds_3.0.0/toolchain/bin/../lib/gcc/arm-none-eabi/4.8.4/../../../../arm-none-eabi/lib/armv6-m\libg_s.a(lib_a-reent.o)
 .debug_frame   0x000012a4       0x20 d:/programs/freescale/kds_3.0.0/toolchain/bin/../lib/gcc/arm-none-eabi/4.8.4/../../../../arm-none-eabi/lib/armv6-m\libnosys.a(close.o)
 .debug_frame   0x000012c4       0x20 d:/programs/freescale/kds_3.0.0/toolchain/bin/../lib/gcc/arm-none-eabi/4.8.4/../../../../arm-none-eabi/lib/armv6-m\libnosys.a(fstat.o)
 .debug_frame   0x000012e4       0x20 d:/programs/freescale/kds_3.0.0/toolchain/bin/../lib/gcc/arm-none-eabi/4.8.4/../../../../arm-none-eabi/lib/armv6-m\libnosys.a(isatty.o)
 .debug_frame   0x00001304       0x20 d:/programs/freescale/kds_3.0.0/toolchain/bin/../lib/gcc/arm-none-eabi/4.8.4/../../../../arm-none-eabi/lib/armv6-m\libnosys.a(lseek.o)
 .debug_frame   0x00001324       0x20 d:/programs/freescale/kds_3.0.0/toolchain/bin/../lib/gcc/arm-none-eabi/4.8.4/../../../../arm-none-eabi/lib/armv6-m\libnosys.a(read.o)
 .debug_frame   0x00001344       0x20 d:/programs/freescale/kds_3.0.0/toolchain/bin/../lib/gcc/arm-none-eabi/4.8.4/../../../../arm-none-eabi/lib/armv6-m\libnosys.a(sbrk.o)
 .debug_frame   0x00001364       0x20 d:/programs/freescale/kds_3.0.0/toolchain/bin/../lib/gcc/arm-none-eabi/4.8.4/../../../../arm-none-eabi/lib/armv6-m\libnosys.a(write.o)
 .debug_frame   0x00001384       0x20 d:/programs/freescale/kds_3.0.0/toolchain/bin/../lib/gcc/arm-none-eabi/4.8.4/../../../../arm-none-eabi/lib/armv6-m\libnosys.a(_exit.o)

.stab           0x00000000       0x9c
 .stab          0x00000000       0x24 d:/programs/freescale/kds_3.0.0/toolchain/bin/../lib/gcc/arm-none-eabi/4.8.4/../../../../arm-none-eabi/lib/armv6-m\libnosys.a(close.o)
 .stab          0x00000024       0x18 d:/programs/freescale/kds_3.0.0/toolchain/bin/../lib/gcc/arm-none-eabi/4.8.4/../../../../arm-none-eabi/lib/armv6-m\libnosys.a(fstat.o)
                                 0x24 (size before relaxing)
 .stab          0x0000003c       0x18 d:/programs/freescale/kds_3.0.0/toolchain/bin/../lib/gcc/arm-none-eabi/4.8.4/../../../../arm-none-eabi/lib/armv6-m\libnosys.a(isatty.o)
                                 0x24 (size before relaxing)
 .stab          0x00000054       0x18 d:/programs/freescale/kds_3.0.0/toolchain/bin/../lib/gcc/arm-none-eabi/4.8.4/../../../../arm-none-eabi/lib/armv6-m\libnosys.a(lseek.o)
                                 0x24 (size before relaxing)
 .stab          0x0000006c       0x18 d:/programs/freescale/kds_3.0.0/toolchain/bin/../lib/gcc/arm-none-eabi/4.8.4/../../../../arm-none-eabi/lib/armv6-m\libnosys.a(read.o)
                                 0x24 (size before relaxing)
 .stab          0x00000084       0x18 d:/programs/freescale/kds_3.0.0/toolchain/bin/../lib/gcc/arm-none-eabi/4.8.4/../../../../arm-none-eabi/lib/armv6-m\libnosys.a(write.o)
                                 0x24 (size before relaxing)

.stabstr        0x00000000      0x14d
 .stabstr       0x00000000      0x14d d:/programs/freescale/kds_3.0.0/toolchain/bin/../lib/gcc/arm-none-eabi/4.8.4/../../../../arm-none-eabi/lib/armv6-m\libnosys.a(close.o)
